[2025-11-17 12:20:39] START
[2025-11-17 12:20:44] CLONE_OK time_ms=5406.6
[2025-11-17 12:21:04] OSV aggregate dep_total=28 vulnerable=6 time_ms=3946.8
[2025-11-17 12:21:04] OSV aggregate dep_total=28 vulnerable=6 time_ms=0.0
[2025-11-17 12:21:04] COMMIT adf2a65 no removals time_ms=11398.3
[2025-11-17 12:21:08] OSV aggregate dep_total=28 vulnerable=6 time_ms=0.0
[2025-11-17 12:21:08] OSV aggregate dep_total=28 vulnerable=6 time_ms=0.0
[2025-11-17 12:21:09] COMMIT ec8b25f no removals time_ms=4075.2
[2025-11-17 12:21:12] OSV aggregate dep_total=28 vulnerable=6 time_ms=0.0
[2025-11-17 12:21:12] OSV aggregate dep_total=28 vulnerable=6 time_ms=0.0
[2025-11-17 12:21:12] COMMIT 2a55241 no removals time_ms=3483.3
[2025-11-17 12:21:15] OSV aggregate dep_total=28 vulnerable=6 time_ms=0.0
[2025-11-17 12:21:15] OSV aggregate dep_total=28 vulnerable=6 time_ms=0.0
[2025-11-17 12:21:15] COMMIT d1912d0 no removals time_ms=3312.7
[2025-11-17 12:21:18] OSV aggregate dep_total=28 vulnerable=6 time_ms=0.0
[2025-11-17 12:21:18] OSV aggregate dep_total=28 vulnerable=6 time_ms=0.0
[2025-11-17 12:21:18] COMMIT a625dab no removals time_ms=3098.6
[2025-11-17 12:21:21] OSV aggregate dep_total=28 vulnerable=6 time_ms=0.0
[2025-11-17 12:21:21] OSV aggregate dep_total=28 vulnerable=6 time_ms=0.0
[2025-11-17 12:21:21] COMMIT 376b7ac no removals time_ms=2836.9
[2025-11-17 12:21:24] OSV aggregate dep_total=28 vulnerable=6 time_ms=0.0
[2025-11-17 12:21:24] OSV aggregate dep_total=28 vulnerable=6 time_ms=0.0
[2025-11-17 12:21:24] COMMIT 30860b8 no removals time_ms=3093.9
[2025-11-17 12:21:28] TIMEOUT_OR_ERROR: process exited code 3221225786; stderr: Traceback (most recent call last):
  File "C:\Users\victo\AppData\Local\Temp\mine_supervisor_cf8gitm8\worker_out.json.runner.py", line 7, in <module>
    res = _worker_analyze(*['anuraghazra/github-readme-stats', None, 'C:\\Users\\victo\\AppData\\Local\\Temp\\mine_supervisor_cf8gitm8\\worker_out.json', 600, 1200, 40, False, False, False, None, None, False])
          ^^^^^^^^^^^^^^^^^^^^^^^^^^^^^^^^^^^^^^^^^^^^^^^^^^^^^^^^^^^^^^^^^^^^^^^^^^^^^^^^^^^^^^^^^^^^^^^^^^^^^^^^^^^^^^^^^^^^^^^^^^^^^^^^^^
[2025-11-17 12:23:43] START
[2025-11-17 12:23:46] CLONE_OK time_ms=3492.5
[2025-11-17 12:25:32] COMMITS_INITIAL=320 recent_mode=False
[2025-11-17 12:30:22] TIMEOUT_OR_ERROR: timeout after 400 seconds
