[2025-11-17 12:20:38] START
[2025-11-17 12:20:41] CLONE_OK time_ms=2749.4
[2025-11-17 12:21:00] OSV aggregate dep_total=0 vulnerable=0 time_ms=0.0
[2025-11-17 12:21:00] OSV aggregate dep_total=0 vulnerable=0 time_ms=0.0
[2025-11-17 12:21:00] COMMIT 2bda93e no removals time_ms=7483.7
[2025-11-17 12:21:04] OSV aggregate dep_total=0 vulnerable=0 time_ms=0.0
[2025-11-17 12:21:04] OSV aggregate dep_total=0 vulnerable=0 time_ms=0.0
[2025-11-17 12:21:04] COMMIT 842ff8a no removals time_ms=4130.9
[2025-11-17 12:21:08] OSV aggregate dep_total=0 vulnerable=0 time_ms=0.0
[2025-11-17 12:21:08] OSV aggregate dep_total=0 vulnerable=0 time_ms=0.0
[2025-11-17 12:21:08] COMMIT 3483f60 no removals time_ms=3982.9
[2025-11-17 12:21:12] OSV aggregate dep_total=0 vulnerable=0 time_ms=0.0
[2025-11-17 12:21:12] OSV aggregate dep_total=0 vulnerable=0 time_ms=0.0
[2025-11-17 12:21:12] COMMIT 4289985 no removals time_ms=3729.3
[2025-11-17 12:21:14] OSV aggregate dep_total=1 vulnerable=1 time_ms=618.2
[2025-11-17 12:21:14] OSV aggregate dep_total=0 vulnerable=0 time_ms=0.0
[2025-11-17 12:21:28] TIMEOUT_OR_ERROR: process exited code 3221225786; stderr: Traceback (most recent call last):
  File "C:\Users\victo\AppData\Local\Temp\mine_supervisor_704wqxwe\worker_out.json.runner.py", line 7, in <module>
    res = _worker_analyze(*['azl397985856/leetcode', None, 'C:\\Users\\victo\\AppData\\Local\\Temp\\mine_supervisor_704wqxwe\\worker_out.json', 600, 1200, 40, False, False, False, None, None, False])
          ^^^^^^^^^^^^^^^^^^^^^^^^^^^^^^^^^^^^^^^^^^^^^^^^^^^^^^^^^^^^^^^^^^^^^^^^^^^^^^^^^^^^^^^^^^^^^^^^^^^^^^^^^^^^^^^^^^^^^^^^^^^^^^^^^^^^^^^^^^^^
[2025-11-17 12:23:43] START
[2025-11-17 12:23:48] CLONE_OK time_ms=4444.0
[2025-11-17 12:24:04] COMMITS_INITIAL=6 recent_mode=False
[2025-11-17 12:24:49] REMOVAL_RECENT selected=1 target=20
[2025-11-17 12:24:51] OSV aggregate dep_total=1 vulnerable=1 time_ms=992.5
[2025-11-17 12:24:51] OSV aggregate dep_total=0 vulnerable=0 time_ms=0.0
[2025-11-17 12:30:22] TIMEOUT_OR_ERROR: timeout after 400 seconds
