[2025-11-17 12:20:38] START
[2025-11-17 12:20:41] CLONE_OK time_ms=3523.6
[2025-11-17 12:20:57] OSV aggregate dep_total=44 vulnerable=13 time_ms=3250.8
[2025-11-17 12:20:57] OSV aggregate dep_total=44 vulnerable=13 time_ms=0.0
[2025-11-17 12:20:57] COMMIT 9a7afb2 no removals time_ms=10465.2
[2025-11-17 12:21:02] OSV aggregate dep_total=44 vulnerable=13 time_ms=0.0
[2025-11-17 12:21:02] OSV aggregate dep_total=44 vulnerable=13 time_ms=0.0
[2025-11-17 12:21:02] COMMIT 8f21493 no removals time_ms=4625.0
[2025-11-17 12:21:05] OSV aggregate dep_total=44 vulnerable=13 time_ms=0.0
[2025-11-17 12:21:05] OSV aggregate dep_total=44 vulnerable=13 time_ms=0.0
[2025-11-17 12:21:05] COMMIT 6616e39 no removals time_ms=3566.9
[2025-11-17 12:21:09] OSV aggregate dep_total=44 vulnerable=13 time_ms=0.0
[2025-11-17 12:21:09] OSV aggregate dep_total=44 vulnerable=13 time_ms=0.0
[2025-11-17 12:21:09] COMMIT ed64290 no removals time_ms=3533.9
[2025-11-17 12:21:13] OSV aggregate dep_total=43 vulnerable=13 time_ms=0.0
[2025-11-17 12:21:13] OSV aggregate dep_total=44 vulnerable=13 time_ms=0.0
[2025-11-17 12:21:13] COMMIT c5b8d55 no removals time_ms=4201.9
[2025-11-17 12:21:16] OSV aggregate dep_total=43 vulnerable=13 time_ms=0.0
[2025-11-17 12:21:16] OSV aggregate dep_total=43 vulnerable=13 time_ms=0.0
[2025-11-17 12:21:16] COMMIT cd7d439 no removals time_ms=3408.7
[2025-11-17 12:21:19] OSV aggregate dep_total=43 vulnerable=13 time_ms=0.0
[2025-11-17 12:21:19] OSV aggregate dep_total=43 vulnerable=13 time_ms=0.0
[2025-11-17 12:21:19] COMMIT 4c4f3ea no removals time_ms=2675.7
[2025-11-17 12:21:22] OSV aggregate dep_total=43 vulnerable=13 time_ms=0.0
[2025-11-17 12:21:22] OSV aggregate dep_total=43 vulnerable=13 time_ms=0.0
[2025-11-17 12:21:22] COMMIT eb6d125 no removals time_ms=2688.2
[2025-11-17 12:21:25] OSV aggregate dep_total=43 vulnerable=13 time_ms=0.0
[2025-11-17 12:21:25] OSV aggregate dep_total=43 vulnerable=13 time_ms=0.0
[2025-11-17 12:21:25] COMMIT f1a2dc8 no removals time_ms=2982.9
[2025-11-17 12:21:28] TIMEOUT_OR_ERROR: process exited code 3221225786; stderr: Traceback (most recent call last):
  File "C:\Users\victo\AppData\Local\Temp\mine_supervisor_bgfi8s92\worker_out.json.runner.py", line 7, in <module>
    res = _worker_analyze(*['expressjs/express', None, 'C:\\Users\\victo\\AppData\\Local\\Temp\\mine_supervisor_bgfi8s92\\worker_out.json', 600, 1200, 40, False, False, False, None, None, False])
          ^^^^^^^^^^^^^^^^^^^^^^^^^^^^^^^^^^^^^^^^^^^^^^^^^^^^^^^^^^^^^^^^^^^^^^^^^^^^^^^^^^^^^^^^^^^^^^^^^^^^^^^^^^^^^^^^^^^^^^^^^^^^^^^^^^^^^^^^^^^^^^^^
[2025-11-17 12:23:50] START
[2025-11-17 12:23:59] CLONE_OK time_ms=8501.9
[2025-11-17 12:28:07] COMMITS_INITIAL=1195 recent_mode=False
[2025-11-17 12:30:22] TIMEOUT_OR_ERROR: timeout after 400 seconds
