[2025-11-17 12:17:38] START
[2025-11-17 12:17:45] CLONE_OK time_ms=6345.8
[2025-11-17 12:19:06] OSV pkg=@typescript-eslint/parser-v4 vulns=0
[2025-11-17 12:19:06] OSV pkg=@types/jest vulns=0
[2025-11-17 12:19:06] OSV pkg=react-server vulns=0
[2025-11-17 12:19:06] OSV pkg=through2 vulns=0
[2025-11-17 12:19:07] OSV pkg=@babel/plugin-transform-literals vulns=0
[2025-11-17 12:19:07] OSV pkg=@babel/standalone vulns=0
[2025-11-17 12:19:07] OSV pkg=busboy vulns=0
[2025-11-17 12:19:07] OSV pkg=@types/vscode vulns=0
[2025-11-17 12:19:07] OSV pkg=lighthouse vulns=0
[2025-11-17 12:19:07] OSV pkg=@testing-library/user-event vulns=0
[2025-11-17 12:19:07] OSV pkg=invariant vulns=0
[2025-11-17 12:19:08] OSV pkg=@rollup/plugin-commonjs vulns=0
[2025-11-17 12:19:08] OSV pkg=node-fetch vulns=3
[2025-11-17 12:19:08] OSV pkg=targz vulns=0
[2025-11-17 12:19:08] OSV pkg=@types/react-dom vulns=0
[2025-11-17 12:19:08] OSV pkg=react-15 vulns=0
[2025-11-17 12:19:08] OSV pkg=imagemin-jpegtran vulns=0
[2025-11-17 12:19:08] OSV pkg=tmp vulns=1
[2025-11-17 12:19:09] OSV pkg=npm-dts vulns=0
[2025-11-17 12:19:09] OSV pkg=prompt-promise vulns=0
[2025-11-17 12:19:09] OSV pkg=style-loader vulns=0
[2025-11-17 12:19:09] OSV pkg=re-resizable vulns=0
[2025-11-17 12:19:10] OSV pkg=@babel/node vulns=0
[2025-11-17 12:19:10] OSV pkg=clear vulns=0
[2025-11-17 12:19:10] OSV pkg=codemirror vulns=1
[2025-11-17 12:19:10] OSV pkg=compression vulns=0
[2025-11-17 12:19:10] OSV pkg=react-dom vulns=1
[2025-11-17 12:19:10] OSV pkg=tailwindcss vulns=0
[2025-11-17 12:19:10] OSV pkg=@modelcontextprotocol/sdk vulns=0
[2025-11-17 12:19:11] OSV pkg=eslint-plugin-react-internal vulns=1
[2025-11-17 12:19:11] OSV pkg=typescript vulns=0
[2025-11-17 12:19:11] OSV pkg=animation-timelines vulns=0
[2025-11-17 12:19:11] OSV pkg=url-loader vulns=0
[2025-11-17 12:19:11] OSV pkg=webpack-dev-server vulns=3
[2025-11-17 12:19:11] OSV pkg=acorn-jsx vulns=0
[2025-11-17 12:19:12] OSV pkg=babel-jest vulns=0
[2025-11-17 12:19:12] OSV pkg=terser-webpack-plugin vulns=0
[2025-11-17 12:19:12] OSV pkg=@babel/runtime vulns=1
[2025-11-17 12:19:12] OSV pkg=nullthrows vulns=0
[2025-11-17 12:19:12] OSV pkg=@tsconfig/node18-strictest vulns=0
[2025-11-17 12:19:12] OSV pkg=fast-glob vulns=0
[2025-11-17 12:19:12] OSV pkg=compare-versions vulns=0
[2025-11-17 12:19:12] OSV pkg=@babel/eslint-parser vulns=0
[2025-11-17 12:19:12] OSV pkg=@babel/plugin-syntax-jsx vulns=0
[2025-11-17 12:19:12] OSV pkg=semver vulns=2
[2025-11-17 12:19:12] OSV pkg=@types/html-to-text vulns=0
[2025-11-17 12:19:12] OSV pkg=mocha vulns=0
[2025-11-17 12:19:13] OSV pkg=jest-fetch-mock vulns=0
[2025-11-17 12:19:13] OSV pkg=@types/invariant vulns=0
[2025-11-17 12:19:13] OSV pkg=clipboard-js vulns=0
[2025-11-17 12:19:14] OSV pkg=@types/eslint vulns=0
[2025-11-17 12:19:14] OSV pkg=tsup vulns=1
[2025-11-17 12:19:14] OSV pkg=css-minimizer-webpack-plugin vulns=0
[2025-11-17 12:19:14] OSV pkg=camelcase vulns=0
[2025-11-17 12:19:14] OSV pkg=@types/parcel-env vulns=0
[2025-11-17 12:19:15] OSV pkg=jiti vulns=0
[2025-11-17 12:19:15] OSV pkg=web-streams-polyfill vulns=0
[2025-11-17 12:19:15] OSV pkg=babel-plugin-syntax-trailing-function-commas vulns=0
[2025-11-17 12:19:15] OSV pkg=@use-gesture/react vulns=0
[2025-11-17 12:19:16] OSV pkg=@babel/plugin-transform-private-methods vulns=0
[2025-11-17 12:19:16] OSV pkg=@babel/plugin-transform-react-jsx-development vulns=0
[2025-11-17 12:19:16] OSV pkg=@typescript-eslint/parser-v5 vulns=0
[2025-11-17 12:19:17] OSV pkg=flow-remove-types vulns=0
[2025-11-17 12:19:17] OSV pkg=react-redux vulns=0
[2025-11-17 12:19:17] OSV pkg=folder-hash vulns=0
[2025-11-17 12:19:17] OSV pkg=babel-core vulns=0
[2025-11-17 12:19:17] OSV pkg=jsdom vulns=0
[2025-11-17 12:20:37] START
[2025-11-17 12:20:50] CLONE_OK time_ms=12372.3
[2025-11-17 12:21:28] TIMEOUT_OR_ERROR: process exited code 3221225786; stderr: Traceback (most recent call last):
  File "C:\Users\victo\AppData\Local\Temp\mine_supervisor_8nem728g\worker_out.json.runner.py", line 7, in <module>
    res = _worker_analyze(*['facebook/react', None, 'C:\\Users\\victo\\AppData\\Local\\Temp\\mine_supervisor_8nem728g\\worker_out.json', 600, 1200, 40, False, False, False, None, None, False])
          ^^^^^^^^^^^^^^^^^^^^^^^^^^^^^^^^^^^^^^^^^^^^^^^^^^^^^^^^^^^^^^^^^^^^^^^^^^^^^^^^^^^^^^^^^^^^^^^^^^^^^^^^^^^^^^^^^^^^^^^^^^^^^^^^^^^^^^^^^^^^^^^^^^^
[2025-11-17 12:23:43] START
[2025-11-17 12:23:50] CLONE_OK time_ms=7411.8
[2025-11-17 12:30:22] TIMEOUT_OR_ERROR: timeout after 400 seconds
