[2025-11-17 12:21:29] TIMEOUT_OR_ERROR: process exited code 3221225786; stderr: Traceback (most recent call last):
  File "C:\Users\victo\AppData\Local\Temp\mine_supervisor_z0nr87di\worker_out.json.runner.py", line 6, in <module>
    from app.scripts.find_dependency_replacements import _worker_analyze
  File "C:\code\TI6\app\scripts\find_dependency_replacements.py", line 37, in <module>
    import requests
  File "C:\code\TI6\.venv\Lib\site-packages\requests\__init__.py", line 45, in <module>
    from .exceptions import RequestsDependencyWarning
  File "C:\code\TI6\.venv\Li
[2025-11-17 12:23:44] START
[2025-11-17 12:23:49] CLONE_OK time_ms=4391.8
[2025-11-17 12:23:55] COMMITS_INITIAL=9 recent_mode=False
[2025-11-17 12:25:21] REMOVAL_RECENT none found -> fallback original list
[2025-11-17 12:25:24] OSV aggregate dep_total=8 vulnerable=6 time_ms=1298.5
[2025-11-17 12:25:24] OSV aggregate dep_total=8 vulnerable=6 time_ms=0.0
[2025-11-17 12:25:24] COMMIT f887dad no removal/addition skip
[2025-11-17 12:25:26] OSV aggregate dep_total=8 vulnerable=6 time_ms=0.0
[2025-11-17 12:25:26] OSV aggregate dep_total=8 vulnerable=6 time_ms=0.0
[2025-11-17 12:25:26] COMMIT fd974fe no removal/addition skip
[2025-11-17 12:25:27] OSV aggregate dep_total=8 vulnerable=6 time_ms=0.0
[2025-11-17 12:25:27] OSV aggregate dep_total=8 vulnerable=6 time_ms=0.0
[2025-11-17 12:25:27] COMMIT 7627bf8 no removal/addition skip
[2025-11-17 12:25:28] OSV aggregate dep_total=8 vulnerable=6 time_ms=0.0
[2025-11-17 12:25:28] OSV aggregate dep_total=8 vulnerable=6 time_ms=0.0
[2025-11-17 12:25:29] COMMIT c49a66c no removal/addition skip
[2025-11-17 12:25:30] OSV aggregate dep_total=7 vulnerable=5 time_ms=0.0
[2025-11-17 12:25:30] OSV aggregate dep_total=8 vulnerable=6 time_ms=0.0
[2025-11-17 12:29:21] COMMIT 832bf1e removed=0 added=1 deps_before=7 deps_after=8 vuln_before=5 vuln_after=6 time_ms=232123.7
[2025-11-17 12:29:22] OSV aggregate dep_total=7 vulnerable=5 time_ms=0.0
[2025-11-17 12:29:22] OSV aggregate dep_total=7 vulnerable=5 time_ms=0.0
[2025-11-17 12:29:22] COMMIT a85fdab no removal/addition skip
[2025-11-17 12:29:24] OSV aggregate dep_total=4 vulnerable=3 time_ms=0.0
[2025-11-17 12:29:24] OSV aggregate dep_total=7 vulnerable=5 time_ms=0.0
[2025-11-17 12:30:22] TIMEOUT_OR_ERROR: timeout after 400 seconds
