[2025-11-17 12:17:42] START
[2025-11-17 12:17:44] CLONE_OK time_ms=1366.4
[2025-11-17 12:17:46] OSV pkg=fs-extra vulns=0
[2025-11-17 12:17:47] OSV pkg=idoc vulns=0
[2025-11-17 12:17:47] OSV pkg=remark vulns=0
[2025-11-17 12:17:47] OSV pkg=remark-gfm vulns=0
[2025-11-17 12:17:47] OSV pkg=to-vfile vulns=0
[2025-11-17 12:17:47] OSV aggregate dep_total=5 vulnerable=0 time_ms=1266.1
[2025-11-17 12:17:47] OSV pkg=fs-extra vulns=0
[2025-11-17 12:17:47] OSV pkg=idoc vulns=0
[2025-11-17 12:17:47] OSV pkg=remark vulns=0
[2025-11-17 12:17:47] OSV pkg=remark-gfm vulns=0
[2025-11-17 12:17:47] OSV pkg=to-vfile vulns=0
[2025-11-17 12:17:47] OSV aggregate dep_total=5 vulnerable=0 time_ms=1.6
[2025-11-17 12:17:47] COMMIT 99239d0 no removals time_ms=3093.2
[2025-11-17 12:17:48] OSV pkg=fs-extra vulns=0
[2025-11-17 12:17:48] OSV pkg=idoc vulns=0
[2025-11-17 12:17:48] OSV pkg=remark vulns=0
[2025-11-17 12:17:48] OSV pkg=remark-gfm vulns=0
[2025-11-17 12:17:48] OSV pkg=to-vfile vulns=0
[2025-11-17 12:17:48] OSV aggregate dep_total=5 vulnerable=0 time_ms=1.7
[2025-11-17 12:17:48] OSV pkg=fs-extra vulns=0
[2025-11-17 12:17:48] OSV pkg=idoc vulns=0
[2025-11-17 12:17:48] OSV pkg=remark vulns=0
[2025-11-17 12:17:48] OSV pkg=remark-gfm vulns=0
[2025-11-17 12:17:48] OSV pkg=to-vfile vulns=0
[2025-11-17 12:17:48] OSV aggregate dep_total=5 vulnerable=0 time_ms=1.6
[2025-11-17 12:17:48] COMMIT 143c45b no removals time_ms=934.1
[2025-11-17 12:17:49] OSV pkg=fs-extra vulns=0
[2025-11-17 12:17:49] OSV pkg=idoc vulns=0
[2025-11-17 12:17:49] OSV pkg=remark vulns=0
[2025-11-17 12:17:49] OSV pkg=remark-gfm vulns=0
[2025-11-17 12:17:49] OSV pkg=to-vfile vulns=0
[2025-11-17 12:17:49] OSV aggregate dep_total=5 vulnerable=0 time_ms=1.6
[2025-11-17 12:17:49] OSV pkg=fs-extra vulns=0
[2025-11-17 12:17:49] OSV pkg=idoc vulns=0
[2025-11-17 12:17:49] OSV pkg=remark vulns=0
[2025-11-17 12:17:49] OSV pkg=remark-gfm vulns=0
[2025-11-17 12:17:49] OSV pkg=to-vfile vulns=0
[2025-11-17 12:17:49] OSV aggregate dep_total=5 vulnerable=0 time_ms=1.8
[2025-11-17 12:17:49] COMMIT f0dd66a no removals time_ms=916.7
[2025-11-17 12:17:50] OSV pkg=fs-extra vulns=0
[2025-11-17 12:17:50] OSV pkg=idoc vulns=0
[2025-11-17 12:17:50] OSV pkg=remark vulns=0
[2025-11-17 12:17:50] OSV pkg=remark-gfm vulns=0
[2025-11-17 12:17:50] OSV pkg=to-vfile vulns=0
[2025-11-17 12:17:50] OSV aggregate dep_total=5 vulnerable=0 time_ms=2.4
[2025-11-17 12:17:50] OSV pkg=fs-extra vulns=0
[2025-11-17 12:17:50] OSV pkg=idoc vulns=0
[2025-11-17 12:17:50] OSV pkg=remark vulns=0
[2025-11-17 12:17:50] OSV pkg=remark-gfm vulns=0
[2025-11-17 12:17:50] OSV pkg=to-vfile vulns=0
[2025-11-17 12:17:50] OSV aggregate dep_total=5 vulnerable=0 time_ms=1.4
[2025-11-17 12:17:50] COMMIT 56e5810 no removals time_ms=887.2
[2025-11-17 12:17:51] OSV pkg=fs-extra vulns=0
[2025-11-17 12:17:51] OSV pkg=idoc vulns=0
[2025-11-17 12:17:51] OSV pkg=remark vulns=0
[2025-11-17 12:17:51] OSV pkg=remark-gfm vulns=0
[2025-11-17 12:17:51] OSV pkg=to-vfile vulns=0
[2025-11-17 12:17:51] OSV aggregate dep_total=5 vulnerable=0 time_ms=2.2
[2025-11-17 12:17:51] OSV pkg=fs-extra vulns=0
[2025-11-17 12:17:51] OSV pkg=idoc vulns=0
[2025-11-17 12:17:51] OSV pkg=remark vulns=0
[2025-11-17 12:17:51] OSV pkg=remark-gfm vulns=0
[2025-11-17 12:20:39] START
[2025-11-17 12:20:42] CLONE_OK time_ms=3754.7
[2025-11-17 12:21:09] OSV aggregate dep_total=5 vulnerable=0 time_ms=1916.1
[2025-11-17 12:21:09] OSV aggregate dep_total=5 vulnerable=0 time_ms=0.0
[2025-11-17 12:21:09] COMMIT 99239d0 no removals time_ms=8697.8
[2025-11-17 12:21:12] OSV aggregate dep_total=5 vulnerable=0 time_ms=0.0
[2025-11-17 12:21:12] OSV aggregate dep_total=5 vulnerable=0 time_ms=0.0
[2025-11-17 12:21:13] COMMIT 143c45b no removals time_ms=3514.9
[2025-11-17 12:21:16] OSV aggregate dep_total=5 vulnerable=0 time_ms=0.0
[2025-11-17 12:21:16] OSV aggregate dep_total=5 vulnerable=0 time_ms=0.0
[2025-11-17 12:21:16] COMMIT f0dd66a no removals time_ms=3225.0
[2025-11-17 12:21:19] OSV aggregate dep_total=5 vulnerable=0 time_ms=0.0
[2025-11-17 12:21:19] OSV aggregate dep_total=5 vulnerable=0 time_ms=0.0
[2025-11-17 12:21:19] COMMIT 56e5810 no removals time_ms=2891.9
[2025-11-17 12:21:21] OSV aggregate dep_total=5 vulnerable=0 time_ms=0.0
[2025-11-17 12:21:21] OSV aggregate dep_total=5 vulnerable=0 time_ms=0.0
[2025-11-17 12:21:21] COMMIT 35ec137 no removals time_ms=2733.6
[2025-11-17 12:21:24] OSV aggregate dep_total=5 vulnerable=0 time_ms=0.0
[2025-11-17 12:21:24] OSV aggregate dep_total=5 vulnerable=0 time_ms=0.0
[2025-11-17 12:21:25] COMMIT 15468ae no removals time_ms=3107.4
[2025-11-17 12:21:28] TIMEOUT_OR_ERROR: process exited code 3221225786; stderr: Traceback (most recent call last):
  File "C:\Users\victo\AppData\Local\Temp\mine_supervisor_xhtkn3il\worker_out.json.runner.py", line 7, in <module>
    res = _worker_analyze(*['jaywcjlove/awesome-mac', None, 'C:\\Users\\victo\\AppData\\Local\\Temp\\mine_supervisor_xhtkn3il\\worker_out.json', 600, 1200, 40, False, False, False, None, None, False])
          ^^^^^^^^^^^^^^^^^^^^^^^^^^^^^^^^^^^^^^^^^^^^^^^^^^^^^^^^^^^^^^^^^^^^^^^^^^^^^^^^^^^^^^^^^^^^^^^^^^^^^^^^^^^^^^^^^^^^^^^^^^^^^^^^^^^^^^^^^^^
[2025-11-17 12:23:43] START
[2025-11-17 12:23:46] CLONE_OK time_ms=3131.0
[2025-11-17 12:24:37] COMMITS_INITIAL=35 recent_mode=False
[2025-11-17 12:30:16] REMOVAL_RECENT selected=1 target=20
[2025-11-17 12:30:21] OSV aggregate dep_total=9 vulnerable=4 time_ms=3297.2
[2025-11-17 12:30:21] OSV aggregate dep_total=9 vulnerable=4 time_ms=0.1
[2025-11-17 12:30:22] TIMEOUT_OR_ERROR: timeout after 400 seconds
