[2025-11-17 12:20:38] START
[2025-11-17 12:20:41] CLONE_OK time_ms=2973.5
[2025-11-17 12:20:58] OSV aggregate dep_total=16 vulnerable=2 time_ms=3279.6
[2025-11-17 12:20:58] OSV aggregate dep_total=16 vulnerable=2 time_ms=0.0
[2025-11-17 12:20:58] COMMIT d8b82e2 no removals time_ms=9809.7
[2025-11-17 12:21:02] OSV aggregate dep_total=16 vulnerable=2 time_ms=0.0
[2025-11-17 12:21:02] OSV aggregate dep_total=16 vulnerable=2 time_ms=0.0
[2025-11-17 12:21:02] COMMIT 3e44eb4 no removals time_ms=4097.8
[2025-11-17 12:21:06] OSV aggregate dep_total=16 vulnerable=2 time_ms=0.0
[2025-11-17 12:21:06] OSV aggregate dep_total=16 vulnerable=2 time_ms=0.0
[2025-11-17 12:21:06] COMMIT 8ea87c6 no removals time_ms=3360.5
[2025-11-17 12:21:09] OSV aggregate dep_total=16 vulnerable=2 time_ms=0.0
[2025-11-17 12:21:09] OSV aggregate dep_total=16 vulnerable=2 time_ms=0.0
[2025-11-17 12:21:09] COMMIT 420ac3b no removals time_ms=3452.7
[2025-11-17 12:21:13] OSV aggregate dep_total=16 vulnerable=2 time_ms=0.0
[2025-11-17 12:21:13] OSV aggregate dep_total=16 vulnerable=2 time_ms=0.0
[2025-11-17 12:21:13] COMMIT c171d4e no removals time_ms=4031.2
[2025-11-17 12:21:17] OSV aggregate dep_total=16 vulnerable=2 time_ms=0.0
[2025-11-17 12:21:17] OSV aggregate dep_total=16 vulnerable=2 time_ms=0.0
[2025-11-17 12:21:17] COMMIT 49cbb68 no removals time_ms=3540.2
[2025-11-17 12:21:19] OSV aggregate dep_total=16 vulnerable=2 time_ms=0.0
[2025-11-17 12:21:19] OSV aggregate dep_total=16 vulnerable=2 time_ms=0.0
[2025-11-17 12:21:20] COMMIT 4424d32 no removals time_ms=2747.2
[2025-11-17 12:21:22] OSV aggregate dep_total=16 vulnerable=2 time_ms=0.0
[2025-11-17 12:21:22] OSV aggregate dep_total=16 vulnerable=2 time_ms=0.0
[2025-11-17 12:21:22] COMMIT 75a66ce no removals time_ms=2772.7
[2025-11-17 12:21:26] OSV aggregate dep_total=16 vulnerable=2 time_ms=0.0
[2025-11-17 12:21:26] OSV aggregate dep_total=16 vulnerable=2 time_ms=0.0
[2025-11-17 12:21:26] COMMIT 087297c no removals time_ms=3828.9
[2025-11-17 12:21:28] TIMEOUT_OR_ERROR: process exited code 3221225786; stderr: Traceback (most recent call last):
  File "C:\Users\victo\AppData\Local\Temp\mine_supervisor_v5wrkeb2\worker_out.json.runner.py", line 7, in <module>
    res = _worker_analyze(*['jgraph/drawio-desktop', None, 'C:\\Users\\victo\\AppData\\Local\\Temp\\mine_supervisor_v5wrkeb2\\worker_out.json', 600, 1200, 40, False, False, False, None, None, False])
          ^^^^^^^^^^^^^^^^^^^^^^^^^^^^^^^^^^^^^^^^^^^^^^^^^^^^^^^^^^^^^^^^^^^^^^^^^^^^^^^^^^^^^^^^^^^^^^^^^^^^^^^^^^^^^^^^^^^^^^^^^^^^^^^^^^^^^^^^^^^^
[2025-11-17 12:23:44] START
[2025-11-17 12:23:48] CLONE_OK time_ms=4285.9
[2025-11-17 12:25:40] COMMITS_INITIAL=309 recent_mode=False
[2025-11-17 12:30:22] TIMEOUT_OR_ERROR: timeout after 400 seconds
