[2025-11-17 12:20:41] START
[2025-11-17 12:20:43] CLONE_OK time_ms=1881.0
[2025-11-17 12:21:22] OSV aggregate dep_total=140 vulnerable=30 time_ms=5366.3
[2025-11-17 12:21:22] OSV aggregate dep_total=140 vulnerable=30 time_ms=0.1
[2025-11-17 12:21:23] COMMIT 71cd46c no removals time_ms=26074.5
[2025-11-17 12:21:27] OSV aggregate dep_total=140 vulnerable=30 time_ms=0.1
[2025-11-17 12:21:27] OSV aggregate dep_total=140 vulnerable=30 time_ms=0.1
[2025-11-17 12:21:27] COMMIT c2e7ccc no removals time_ms=4595.1
[2025-11-17 12:21:28] TIMEOUT_OR_ERROR: process exited code 3221225786; stderr: Traceback (most recent call last):
  File "C:\Python311\Lib\subprocess.py", line 1209, in communicate
    stdout, stderr = self._communicate(input, endtime, timeout)
                     ^^^^^^^^^^^^^^^^^^^^^^^^^^^^^^^^^^^^^^^^^^
  File "C:\Python311\Lib\subprocess.py", line 1610, in _communicate
    self.stdout_thread.start()
  File "C:\Python311\Lib\threading.py", line 962, in start
    self._started.wait()
  File "C:\Python311\Lib\threading.py", line 622, in wait
    signaled = self._cond.wai
[2025-11-17 12:23:53] START
[2025-11-17 12:24:02] CLONE_OK time_ms=9199.0
[2025-11-17 12:27:31] COMMITS_INITIAL=146 recent_mode=False
[2025-11-17 12:30:22] TIMEOUT_OR_ERROR: timeout after 400 seconds
