[2025-11-17 12:17:38] START
[2025-11-17 12:17:45] CLONE_OK time_ms=6259.5
[2025-11-17 12:18:34] OSV pkg=react-is vulns=0
[2025-11-17 12:18:34] OSV pkg=@mui/material-v5 vulns=0
[2025-11-17 12:18:36] OSV pkg=dom-accessibility-api vulns=0
[2025-11-17 12:18:36] OSV pkg=@mui/styles vulns=0
[2025-11-17 12:18:36] OSV pkg=customize-cra vulns=0
[2025-11-17 12:18:36] OSV pkg=webpack vulns=2
[2025-11-17 12:18:37] OSV pkg=@mui/types vulns=0
[2025-11-17 12:18:37] OSV pkg=@babel/preset-react vulns=0
[2025-11-17 12:18:37] OSV pkg=@types/hoist-non-react-statics vulns=0
[2025-11-17 12:18:38] OSV pkg=vite vulns=16
[2025-11-17 12:18:38] OSV pkg=danger vulns=0
[2025-11-17 12:18:38] OSV pkg=@types/prop-types vulns=0
[2025-11-17 12:18:38] OSV pkg=react-docgen vulns=0
[2025-11-17 12:18:39] OSV pkg=karma-chrome-launcher vulns=0
[2025-11-17 12:18:39] OSV pkg=@docsearch/react vulns=0
[2025-11-17 12:18:39] OSV pkg=@remix-run/serve vulns=0
[2025-11-17 12:18:39] OSV pkg=nodemon vulns=0
[2025-11-17 12:18:40] OSV pkg=postcss-cli vulns=0
[2025-11-17 12:18:40] OSV pkg=eslint-config-next vulns=0
[2025-11-17 12:18:40] OSV pkg=prop-types vulns=0
[2025-11-17 12:18:40] OSV pkg=ast-types vulns=0
[2025-11-17 12:18:40] OSV pkg=mocha vulns=0
[2025-11-17 12:18:40] OSV pkg=@types/css-mediaquery vulns=0
[2025-11-17 12:18:40] OSV pkg=@types/uuid vulns=0
[2025-11-17 12:18:41] OSV pkg=material-ui-popup-state vulns=0
[2025-11-17 12:18:41] OSV pkg=@mui/styled-engine-sc vulns=0
[2025-11-17 12:18:41] OSV pkg=@remix-run/node vulns=0
[2025-11-17 12:18:41] OSV pkg=next vulns=29
[2025-11-17 12:18:41] OSV pkg=@babel/node vulns=0
[2025-11-17 12:18:41] OSV pkg=fast-glob vulns=0
[2025-11-17 12:18:42] OSV pkg=git-url-parse vulns=0
[2025-11-17 12:18:42] OSV pkg=hoist-non-react-statics vulns=0
[2025-11-17 12:18:44] OSV pkg=flexsearch vulns=0
[2025-11-17 12:18:44] OSV pkg=@react-router/dev vulns=0
[2025-11-17 12:18:44] OSV pkg=@popperjs/core vulns=0
[2025-11-17 12:18:44] OSV pkg=eslint vulns=0
[2025-11-17 12:18:44] OSV pkg=@babel/preset-typescript vulns=0
[2025-11-17 12:18:44] OSV pkg=stylelint vulns=0
[2025-11-17 12:18:45] OSV pkg=@types/babel__traverse vulns=0
[2025-11-17 12:18:45] OSV pkg=@types/chance vulns=0
[2025-11-17 12:18:45] OSV pkg=@pigment-css/vite-plugin vulns=0
[2025-11-17 12:18:45] OSV pkg=@types/react-docgen vulns=0
[2025-11-17 12:18:46] OSV pkg=docs vulns=0
[2025-11-17 12:18:46] OSV pkg=doctrine vulns=0
[2025-11-17 12:18:46] OSV pkg=@mui/internal-bundle-size-checker vulns=0
[2025-11-17 12:18:46] OSV pkg=@fortawesome/fontawesome-svg-core vulns=0
[2025-11-17 12:18:46] OSV pkg=karma-webpack vulns=0
[2025-11-17 12:18:47] OSV pkg=@types/gtag.js vulns=0
[2025-11-17 12:18:47] OSV pkg=@types/react-swipeable-views vulns=0
[2025-11-17 12:18:47] OSV pkg=@react-spring/web vulns=0
[2025-11-17 12:18:47] OSV pkg=react-draggable vulns=0
[2025-11-17 12:18:47] OSV pkg=@netlify/functions vulns=0
[2025-11-17 12:18:48] OSV pkg=mustache vulns=1
[2025-11-17 12:18:48] OSV pkg=karma-spec-reporter vulns=0
[2025-11-17 12:18:48] OSV pkg=@mui/utils vulns=0
[2025-11-17 12:18:48] OSV pkg=autoprefixer vulns=0
[2025-11-17 12:18:48] OSV pkg=marked vulns=12
[2025-11-17 12:18:49] OSV pkg=@babel/register vulns=0
[2025-11-17 12:18:49] OSV pkg=@babel/plugin-syntax-typescript vulns=0
[2025-11-17 12:18:49] OSV pkg=process vulns=0
[2025-11-17 12:18:49] OSV pkg=react vulns=2
[2025-11-17 12:18:49] OSV pkg=@mui/internal-scripts vulns=0
[2025-11-17 12:18:49] OSV pkg=@mui/x-tree-view vulns=0
[2025-11-17 12:18:49] OSV pkg=globby vulns=0
[2025-11-17 12:18:49] OSV pkg=cpy-cli vulns=0
[2025-11-17 12:18:49] OSV pkg=dayjs vulns=0
[2025-11-17 12:18:50] OSV pkg=react-intersection-observer vulns=0
[2025-11-17 12:20:38] START
[2025-11-17 12:20:55] CLONE_OK time_ms=17549.9
[2025-11-17 12:21:28] TIMEOUT_OR_ERROR: process exited code 3221225786; stderr: Traceback (most recent call last):
  File "C:\Users\victo\AppData\Local\Temp\mine_supervisor_4tel6qxa\worker_out.json.runner.py", line 7, in <module>
    res = _worker_analyze(*['mui/material-ui', None, 'C:\\Users\\victo\\AppData\\Local\\Temp\\mine_supervisor_4tel6qxa\\worker_out.json', 600, 1200, 40, False, False, False, None, None, False])
          ^^^^^^^^^^^^^^^^^^^^^^^^^^^^^^^^^^^^^^^^^^^^^^^^^^^^^^^^^^^^^^^^^^^^^^^^^^^^^^^^^^^^^^^^^^^^^^^^^^^^^^^^^^^^^^^^^^^^^^^^^^^^^^^^^^^^^^^^^^^^^^^^^^
[2025-11-17 12:23:44] START
[2025-11-17 12:23:53] CLONE_OK time_ms=9234.2
[2025-11-17 12:30:22] TIMEOUT_OR_ERROR: timeout after 400 seconds
