[2025-11-17 12:21:29] TIMEOUT_OR_ERROR: process exited code 3221225786; stderr: Traceback (most recent call last):
  File "C:\Users\victo\AppData\Local\Temp\mine_supervisor_4_k18jyv\worker_out.json.runner.py", line 6, in <module>
    from app.scripts.find_dependency_replacements import _worker_analyze
  File "C:\code\TI6\app\scripts\find_dependency_replacements.py", line 37, in <module>
    import requests
  File "C:\code\TI6\.venv\Lib\site-packages\requests\__init__.py", line 48, in <module>
    from charset_normalizer import __version__ as charset_normalizer_version
  Fil
[2025-11-17 12:23:47] START
[2025-11-17 12:23:52] CLONE_OK time_ms=5287.5
[2025-11-17 12:24:27] COMMITS_INITIAL=15 recent_mode=False
[2025-11-17 12:26:53] REMOVAL_RECENT none found -> fallback original list
[2025-11-17 12:26:55] OSV aggregate dep_total=9 vulnerable=3 time_ms=1013.5
[2025-11-17 12:26:55] OSV aggregate dep_total=10 vulnerable=4 time_ms=0.0
[2025-11-17 12:27:54] COMMIT ff4a575 removed=0 added=1 deps_before=9 deps_after=10 vuln_before=3 vuln_after=4 time_ms=60885.1
[2025-11-17 12:27:54] OSV aggregate dep_total=9 vulnerable=3 time_ms=0.0
[2025-11-17 12:27:54] OSV aggregate dep_total=9 vulnerable=3 time_ms=0.0
[2025-11-17 12:27:54] COMMIT d98cca1 no removal/addition skip
[2025-11-17 12:27:55] OSV aggregate dep_total=9 vulnerable=3 time_ms=0.0
[2025-11-17 12:27:55] OSV aggregate dep_total=9 vulnerable=3 time_ms=0.0
[2025-11-17 12:27:55] COMMIT 71f472f no removal/addition skip
[2025-11-17 12:27:56] OSV aggregate dep_total=9 vulnerable=3 time_ms=0.0
[2025-11-17 12:27:56] OSV aggregate dep_total=9 vulnerable=3 time_ms=0.0
[2025-11-17 12:27:56] COMMIT 651d410 no removal/addition skip
[2025-11-17 12:27:57] OSV aggregate dep_total=9 vulnerable=3 time_ms=0.0
[2025-11-17 12:27:57] OSV aggregate dep_total=9 vulnerable=3 time_ms=0.0
[2025-11-17 12:27:57] COMMIT f4d7bad no removal/addition skip
[2025-11-17 12:27:58] OSV aggregate dep_total=9 vulnerable=3 time_ms=0.0
[2025-11-17 12:27:58] OSV aggregate dep_total=9 vulnerable=3 time_ms=0.0
[2025-11-17 12:27:58] COMMIT fa05058 no removal/addition skip
[2025-11-17 12:27:58] OSV aggregate dep_total=9 vulnerable=3 time_ms=0.0
[2025-11-17 12:27:58] OSV aggregate dep_total=9 vulnerable=3 time_ms=0.0
[2025-11-17 12:27:59] COMMIT 9245328 no removal/addition skip
[2025-11-17 12:27:59] OSV aggregate dep_total=8 vulnerable=3 time_ms=0.0
[2025-11-17 12:27:59] OSV aggregate dep_total=9 vulnerable=3 time_ms=0.0
[2025-11-17 12:30:09] COMMIT dac8b04 removed=0 added=1 deps_before=8 deps_after=9 vuln_before=3 vuln_after=3 time_ms=130586.8
[2025-11-17 12:30:10] OSV aggregate dep_total=8 vulnerable=3 time_ms=0.0
[2025-11-17 12:30:10] OSV aggregate dep_total=8 vulnerable=3 time_ms=0.0
[2025-11-17 12:30:11] COMMIT 88d2932 no removal/addition skip
[2025-11-17 12:30:11] OSV aggregate dep_total=8 vulnerable=3 time_ms=0.0
[2025-11-17 12:30:11] OSV aggregate dep_total=8 vulnerable=3 time_ms=0.0
[2025-11-17 12:30:13] COMMIT 58b9cf5 no removal/addition skip
[2025-11-17 12:30:15] OSV aggregate dep_total=4 vulnerable=1 time_ms=0.0
[2025-11-17 12:30:15] OSV aggregate dep_total=8 vulnerable=3 time_ms=0.0
[2025-11-17 12:30:23] TIMEOUT_OR_ERROR: timeout after 400 seconds
