[2025-11-17 12:20:38] START
[2025-11-17 12:20:44] CLONE_OK time_ms=5726.6
[2025-11-17 12:21:05] OSV aggregate dep_total=38 vulnerable=2 time_ms=1675.2
[2025-11-17 12:21:05] OSV aggregate dep_total=39 vulnerable=2 time_ms=294.5
[2025-11-17 12:21:05] COMMIT abfbbb9 no removals time_ms=13048.7
[2025-11-17 12:21:09] OSV aggregate dep_total=38 vulnerable=2 time_ms=0.0
[2025-11-17 12:21:09] OSV aggregate dep_total=38 vulnerable=2 time_ms=0.0
[2025-11-17 12:21:09] COMMIT de2d7fc no removals time_ms=3725.0
[2025-11-17 12:21:13] OSV aggregate dep_total=38 vulnerable=2 time_ms=0.0
[2025-11-17 12:21:13] OSV aggregate dep_total=38 vulnerable=2 time_ms=0.0
[2025-11-17 12:21:13] COMMIT 9606183 no removals time_ms=4328.3
[2025-11-17 12:21:18] OSV aggregate dep_total=40 vulnerable=2 time_ms=500.0
[2025-11-17 12:21:18] OSV aggregate dep_total=38 vulnerable=2 time_ms=0.0
[2025-11-17 12:21:28] TIMEOUT_OR_ERROR: process exited code 3221225786; stderr: Traceback (most recent call last):
  File "C:\Users\victo\AppData\Local\Temp\mine_supervisor_gjh6bdhw\worker_out.json.runner.py", line 7, in <module>
    res = _worker_analyze(*['Semantic-Org/Semantic-UI', None, 'C:\\Users\\victo\\AppData\\Local\\Temp\\mine_supervisor_gjh6bdhw\\worker_out.json', 600, 1200, 40, False, False, False, None, None, False])
          ^^^^^^^^^^^^^^^^^^^^^^^^^^^^^^^^^^^^^^^^^^^^^^^^^^^^^^^^^^^^^^^^^^^^^^^^^^^^^^^^^^^^^^^^^^^^^^^^^^^^^^^^^^^^^^^^^^^^^^^^^^^^^^^^^^^^^^^^^
[2025-11-17 12:23:44] START
[2025-11-17 12:23:49] CLONE_OK time_ms=5317.9
[2025-11-17 12:29:36] COMMITS_INITIAL=323 recent_mode=False
[2025-11-17 12:30:22] TIMEOUT_OR_ERROR: timeout after 400 seconds
