[2025-11-17 12:14:38] START
[2025-11-17 12:14:39] CLONE_OK time_ms=1061.1
[2025-11-17 12:14:42] OSV pkg=@babel/cli vulns=0
[2025-11-17 12:14:42] OSV pkg=@babel/preset-env vulns=0
[2025-11-17 12:14:43] OSV pkg=eslint-plugin-jest vulns=0
[2025-11-17 12:14:43] OSV pkg=husky vulns=0
[2025-11-17 12:14:43] OSV pkg=@types/jest vulns=0
[2025-11-17 12:14:43] OSV pkg=jest vulns=0
[2025-11-17 12:14:43] OSV pkg=eslint-plugin-import vulns=0
[2025-11-17 12:14:45] OSV pkg=canvas vulns=2
[2025-11-17 12:14:45] OSV pkg=eslint-plugin-jsx-a11y vulns=0
[2025-11-17 12:14:45] OSV pkg=eslint-config-airbnb vulns=0
[2025-11-17 12:14:45] OSV pkg=eslint vulns=0
[2025-11-17 12:14:45] OSV aggregate dep_total=11 vulnerable=1 time_ms=3146.8
[2025-11-17 12:14:45] OSV pkg=@babel/cli vulns=0
[2025-11-17 12:14:45] OSV pkg=@babel/preset-env vulns=0
[2025-11-17 12:14:45] OSV pkg=eslint-plugin-jest vulns=0
[2025-11-17 12:14:45] OSV pkg=husky vulns=0
[2025-11-17 12:14:45] OSV pkg=@types/jest vulns=0
[2025-11-17 12:14:45] OSV pkg=jest vulns=0
[2025-11-17 12:14:45] OSV pkg=pngjs vulns=0
[2025-11-17 12:14:45] OSV pkg=eslint-plugin-import vulns=0
[2025-11-17 12:14:45] OSV pkg=eslint-plugin-jsx-a11y vulns=0
[2025-11-17 12:14:45] OSV pkg=eslint-config-airbnb vulns=0
[2025-11-17 12:14:45] OSV pkg=eslint vulns=0
[2025-11-17 12:14:45] OSV aggregate dep_total=11 vulnerable=0 time_ms=280.2
[2025-11-17 12:14:45] COMMIT 14c5636 no removals time_ms=4966.3
[2025-11-17 12:14:46] OSV pkg=@babel/cli vulns=0
[2025-11-17 12:14:46] OSV pkg=@babel/preset-env vulns=0
[2025-11-17 12:14:46] OSV pkg=eslint-plugin-jest vulns=0
[2025-11-17 12:14:46] OSV pkg=husky vulns=0
[2025-11-17 12:14:46] OSV pkg=@types/jest vulns=0
[2025-11-17 12:14:46] OSV pkg=eslint-plugin-react vulns=0
[2025-11-17 12:14:46] OSV pkg=jest vulns=0
[2025-11-17 12:14:46] OSV pkg=eslint-plugin-import vulns=0
[2025-11-17 12:14:46] OSV pkg=canvas vulns=2
[2025-11-17 12:14:46] OSV pkg=eslint-plugin-jsx-a11y vulns=0
[2025-11-17 12:14:46] OSV pkg=eslint-config-airbnb vulns=0
[2025-11-17 12:14:46] OSV pkg=eslint vulns=0
[2025-11-17 12:14:46] OSV aggregate dep_total=12 vulnerable=1 time_ms=3.9
[2025-11-17 12:14:46] OSV pkg=@babel/cli vulns=0
[2025-11-17 12:14:46] OSV pkg=@babel/preset-env vulns=0
[2025-11-17 12:14:46] OSV pkg=eslint-plugin-jest vulns=0
[2025-11-17 12:14:46] OSV pkg=husky vulns=0
[2025-11-17 12:14:46] OSV pkg=@types/jest vulns=0
[2025-11-17 12:14:46] OSV pkg=jest vulns=0
[2025-11-17 12:14:46] OSV pkg=eslint-plugin-import vulns=0
[2025-11-17 12:14:46] OSV pkg=canvas vulns=2
[2025-11-17 12:14:46] OSV pkg=eslint-plugin-jsx-a11y vulns=0
[2025-11-17 12:14:46] OSV pkg=eslint-config-airbnb vulns=0
[2025-11-17 12:14:46] OSV pkg=eslint vulns=0
[2025-11-17 12:14:46] OSV aggregate dep_total=11 vulnerable=1 time_ms=2.6
[2025-11-17 12:14:46] COMMIT bcd1cc1 no removals time_ms=856.6
[2025-11-17 12:14:47] OSV pkg=@babel/cli vulns=0
[2025-11-17 12:14:47] OSV pkg=@babel/preset-env vulns=0
[2025-11-17 12:17:38] START
[2025-11-17 12:17:41] CLONE_OK time_ms=2837.0
[2025-11-17 12:17:45] OSV pkg=eslint-plugin-jest vulns=0
[2025-11-17 12:17:45] OSV pkg=@babel/cli vulns=0
[2025-11-17 12:17:45] OSV pkg=eslint-plugin-import vulns=0
[2025-11-17 12:17:46] OSV pkg=husky vulns=0
[2025-11-17 12:17:47] OSV pkg=@types/jest vulns=0
[2025-11-17 12:17:47] OSV pkg=eslint vulns=0
[2025-11-17 12:17:47] OSV pkg=eslint-plugin-jsx-a11y vulns=0
[2025-11-17 12:17:47] OSV pkg=@babel/preset-env vulns=0
[2025-11-17 12:17:47] OSV pkg=eslint-config-airbnb vulns=0
[2025-11-17 12:17:47] OSV pkg=canvas vulns=2
[2025-11-17 12:17:47] OSV pkg=jest vulns=0
[2025-11-17 12:17:47] OSV aggregate dep_total=11 vulnerable=1 time_ms=2634.5
[2025-11-17 12:17:47] OSV pkg=eslint-plugin-jest vulns=0
[2025-11-17 12:17:47] OSV pkg=@babel/cli vulns=0
[2025-11-17 12:17:47] OSV pkg=eslint-plugin-import vulns=0
[2025-11-17 12:17:47] OSV pkg=husky vulns=0
[2025-11-17 12:17:47] OSV pkg=@types/jest vulns=0
[2025-11-17 12:17:47] OSV pkg=eslint vulns=0
[2025-11-17 12:17:47] OSV pkg=eslint-plugin-jsx-a11y vulns=0
[2025-11-17 12:17:47] OSV pkg=@babel/preset-env vulns=0
[2025-11-17 12:17:47] OSV pkg=eslint-config-airbnb vulns=0
[2025-11-17 12:17:48] OSV pkg=pngjs vulns=0
[2025-11-17 12:17:48] OSV pkg=jest vulns=0
[2025-11-17 12:17:48] OSV aggregate dep_total=11 vulnerable=0 time_ms=319.1
[2025-11-17 12:17:48] COMMIT 14c5636 no removals time_ms=5491.3
[2025-11-17 12:17:49] OSV pkg=eslint-plugin-jest vulns=0
[2025-11-17 12:17:49] OSV pkg=@babel/cli vulns=0
[2025-11-17 12:17:49] OSV pkg=eslint-plugin-import vulns=0
[2025-11-17 12:17:49] OSV pkg=husky vulns=0
[2025-11-17 12:17:49] OSV pkg=@types/jest vulns=0
[2025-11-17 12:17:49] OSV pkg=eslint vulns=0
[2025-11-17 12:17:49] OSV pkg=eslint-plugin-jsx-a11y vulns=0
[2025-11-17 12:17:49] OSV pkg=@babel/preset-env vulns=0
[2025-11-17 12:17:49] OSV pkg=eslint-config-airbnb vulns=0
[2025-11-17 12:17:49] OSV pkg=canvas vulns=2
[2025-11-17 12:17:49] OSV pkg=eslint-plugin-react vulns=0
[2025-11-17 12:17:49] OSV pkg=jest vulns=0
[2025-11-17 12:17:49] OSV aggregate dep_total=12 vulnerable=1 time_ms=4.4
[2025-11-17 12:17:49] OSV pkg=eslint-plugin-jest vulns=0
[2025-11-17 12:17:49] OSV pkg=@babel/cli vulns=0
[2025-11-17 12:17:49] OSV pkg=eslint-plugin-import vulns=0
[2025-11-17 12:17:49] OSV pkg=husky vulns=0
[2025-11-17 12:17:49] OSV pkg=@types/jest vulns=0
[2025-11-17 12:17:49] OSV pkg=eslint vulns=0
[2025-11-17 12:17:49] OSV pkg=eslint-plugin-jsx-a11y vulns=0
[2025-11-17 12:17:49] OSV pkg=@babel/preset-env vulns=0
[2025-11-17 12:17:49] OSV pkg=eslint-config-airbnb vulns=0
[2025-11-17 12:17:49] OSV pkg=canvas vulns=2
[2025-11-17 12:17:49] OSV pkg=jest vulns=0
[2025-11-17 12:17:49] OSV aggregate dep_total=11 vulnerable=1 time_ms=3.7
[2025-11-17 12:17:49] COMMIT bcd1cc1 no removals time_ms=859.3
[2025-11-17 12:17:49] OSV pkg=eslint-plugin-jest vulns=0
[2025-11-17 12:17:49] OSV pkg=@babel/cli vulns=0
[2025-11-17 12:20:37] START
[2025-11-17 12:20:40] CLONE_OK time_ms=2654.7
[2025-11-17 12:21:06] OSV aggregate dep_total=11 vulnerable=1 time_ms=2482.9
[2025-11-17 12:21:06] OSV aggregate dep_total=11 vulnerable=0 time_ms=244.0
[2025-11-17 12:21:06] COMMIT 14c5636 no removals time_ms=10377.7
[2025-11-17 12:21:10] OSV aggregate dep_total=12 vulnerable=1 time_ms=0.0
[2025-11-17 12:21:10] OSV aggregate dep_total=11 vulnerable=1 time_ms=0.0
[2025-11-17 12:21:10] COMMIT bcd1cc1 no removals time_ms=3354.3
[2025-11-17 12:21:13] OSV aggregate dep_total=12 vulnerable=1 time_ms=0.0
[2025-11-17 12:21:13] OSV aggregate dep_total=12 vulnerable=1 time_ms=0.0
[2025-11-17 12:21:14] COMMIT 7d8d397 no removals time_ms=3807.0
[2025-11-17 12:21:17] OSV aggregate dep_total=12 vulnerable=1 time_ms=0.0
[2025-11-17 12:21:17] OSV aggregate dep_total=12 vulnerable=1 time_ms=0.0
[2025-11-17 12:21:17] COMMIT d0576a2 no removals time_ms=3256.4
[2025-11-17 12:21:20] OSV aggregate dep_total=12 vulnerable=1 time_ms=0.0
[2025-11-17 12:21:20] OSV aggregate dep_total=12 vulnerable=1 time_ms=0.0
[2025-11-17 12:21:20] COMMIT 144b686 no removals time_ms=3018.5
[2025-11-17 12:21:23] OSV aggregate dep_total=11 vulnerable=0 time_ms=0.0
[2025-11-17 12:21:23] OSV aggregate dep_total=12 vulnerable=1 time_ms=0.0
[2025-11-17 12:21:23] COMMIT f0b246a no removals time_ms=2919.4
[2025-11-17 12:21:26] OSV aggregate dep_total=11 vulnerable=0 time_ms=0.0
[2025-11-17 12:21:26] OSV aggregate dep_total=11 vulnerable=0 time_ms=0.0
[2025-11-17 12:21:26] COMMIT e71dc8d no removals time_ms=3586.6
[2025-11-17 12:21:28] TIMEOUT_OR_ERROR: process exited code 3221225786; stderr: Traceback (most recent call last):
  File "C:\Users\victo\AppData\Local\Temp\mine_supervisor_59mcvn76\worker_out.json.runner.py", line 7, in <module>
    res = _worker_analyze(*['trekhleb/javascript-algorithms', None, 'C:\\Users\\victo\\AppData\\Local\\Temp\\mine_supervisor_59mcvn76\\worker_out.json', 600, 1200, 40, False, False, False, None, None, False])
          ^^^^^^^^^^^^^^^^^^^^^^^^^^^^^^^^^^^^^^^^^^^^^^^^^^^^^^^^^^^^^^^^^^^^^^^^^^^^^^^^^^^^^^^^^^^^^^^^^^^^^^^^^^^^^^^^^^^^^^^^^^^^^^^^^^^
[2025-11-17 12:23:42] START
[2025-11-17 12:23:45] CLONE_OK time_ms=3185.0
[2025-11-17 12:24:35] COMMITS_INITIAL=36 recent_mode=False
[2025-11-17 12:30:22] TIMEOUT_OR_ERROR: timeout after 400 seconds
